// Jest Snapshot v1, https://goo.gl/fbAQLP

exports[`Should match the snapshot. 1`] = `"<div class=\\"App\\"><div class=\\"SideBar\\"><div class=\\"SideBar-logo\\"><div class=\\"SideBar-logo-text\\">TextSavvy</div></div><div class=\\"SideBar-divider\\"></div><div class=\\"SideBar-title\\">Test&#x27;s Workspace</div><div class=\\"SideBar-divider-light\\"></div><div class=\\"SideBar-spacing\\"></div><div class=\\"SideBar-manageacc SideBar-option\\"><div class=\\"SideBar-option-logo\\"><img alt=\\"gear\\" src=\\"/assets/images/gear_sm.svg\\" class=\\"icon\\"/></div><div class=\\"SideBar-option-text\\">Manage Account</div></div><div class=\\"SideBar-logout SideBar-option\\"><div class=\\"SideBar-option-logo\\"><img alt=\\"logout\\" src=\\"/assets/images/logout.svg\\" class=\\"icon\\"/></div><div class=\\"SideBar-option-text\\">Logout</div></div></div><div class=\\"Dashboard\\"></div><div class=\\"Collaborators\\"><div class=\\"CollaboratorItem\\"><span class=\\"CollaboratorItem-email\\">Test</span><img alt=\\"trash can\\" src=\\"/assets/images/trash_can.svg\\" class=\\"CollaboratorItem-remove\\"/></div><div class=\\"CollaboratorItem\\"><span style=\\"font-style:italic;color:#707070\\" class=\\"CollaboratorItem-email\\">Pending Text</span><img alt=\\"trash can\\" src=\\"/assets/images/trash_can.svg\\" class=\\"CollaboratorItem-remove\\"/></div></div></div>"`;
