// Jest Snapshot v1, https://goo.gl/fbAQLP

exports[`Should match the snapshot. 1`] = `"<div class=\\"WorkspaceSettings-background\\"><div class=\\"WorkspaceSettings\\"><div class=\\"WorkspaceSettings-top\\"><img alt=\\"cross\\" src=\\"/assets/images/delete.svg\\" class=\\"WorkspaceSettings-exit\\"/></div><div class=\\"WorkspaceSettings-header\\"><div class=\\"WorkspaceSettings-header-text\\"><div class=\\"WorkspaceSettings-header-text-title\\"></div><img alt=\\"edit\\" src=\\"/assets/images/edit.svg\\" class=\\"WorkspaceSettings-header-text-icon\\"/></div></div><div class=\\"WorkspaceSettings-body\\"><div class=\\"WorkspaceSettings-add-collab\\"><div class=\\"WorkspaceSettings-add-collab-top\\"><span class=\\"WorkspaceSettings-add-collab-label\\">Share with others:</span></div><div class=\\"WorkspaceSettings-add-collab-bottom\\"><input type=\\"text\\" id=\\"add-collaborator-email-input\\" class=\\"WorkspaceSettings-add-collab-input\\" placeholder=\\"Enter collaborator&#x27;s email\\"/><img alt=\\"add collaborator\\" src=\\"/assets/images/add-collab.svg\\" class=\\"WorkspaceSettings-add-collab-icon\\"/></div></div><div class=\\"WorkspaceSettings-collab-list\\"></div></div><div class=\\"WorkspaceSettings-footer\\"><div class=\\"WorkspaceSettings-footer-pad\\"></div><div class=\\"WorkspaceSettings-save\\"></div></div></div></div>"`;
